** Drc report for iso_40.kicad_pcb **
** Created on 2025-12-19T23:27:24+1100 **

** Found 104 DRC violations **
[hole_clearance]: Hole clearance violation (board setup constraints hole clearance 0.2500 mm; actual 0.1944 mm)
    Rule: board setup constraints hole; error
    @(41.9075 mm, 25.6550 mm): NPTH pad of J2
    @(41.5975 mm, 26.7300 mm): Pad A1 [GND] of J2 on B.Cu
[hole_clearance]: Hole clearance violation (board setup constraints hole clearance 0.2500 mm; actual 0.1944 mm)
    Rule: board setup constraints hole; error
    @(41.9075 mm, 25.6550 mm): NPTH pad of J2
    @(41.5975 mm, 26.7300 mm): Pad B12 [GND] of J2 on B.Cu
[hole_clearance]: Hole clearance violation (board setup constraints hole clearance 0.2500 mm; actual 0.1944 mm)
    Rule: board setup constraints hole; error
    @(47.6875 mm, 25.6550 mm): NPTH pad of J2
    @(47.9975 mm, 26.7300 mm): Pad A12 [GND] of J2 on B.Cu
[hole_clearance]: Hole clearance violation (board setup constraints hole clearance 0.2500 mm; actual 0.1944 mm)
    Rule: board setup constraints hole; error
    @(47.6875 mm, 25.6550 mm): NPTH pad of J2
    @(47.9975 mm, 26.7300 mm): Pad B1 [GND] of J2 on B.Cu
[starved_thermal]: Thermal relief connection to zone incomplete (layer B.Cu; zone min spoke count 2; actual 1)
    Local override; error
    @(23.8125 mm, 20.6375 mm): Zone [GND] on B.Cu, priority 1
    @(114.8063 mm, 88.0750 mm): Pad 43 [GND] of U1 on B.Cu
[starved_thermal]: Thermal relief connection to zone incomplete (layer B.Cu; zone min spoke count 2; actual 1)
    Local override; error
    @(23.8125 mm, 20.6375 mm): Zone [GND] on B.Cu, priority 1
    @(47.9975 mm, 26.7300 mm): Pad A12 [GND] of J2 on B.Cu
[starved_thermal]: Thermal relief connection to zone incomplete (layer B.Cu; zone min spoke count 2; actual 1)
    Local override; error
    @(23.8125 mm, 20.6375 mm): Zone [GND] on B.Cu, priority 1
    @(47.9975 mm, 26.7300 mm): Pad B1 [GND] of J2 on B.Cu
[lib_footprint_mismatch]: Footprint 'D_SOD-123' does not match copy in library 'Diode_SMD'.
    Local override; warning
    @(231.7750 mm, 35.7188 mm): Footprint D11
[lib_footprint_issues]: The footprint library 'MX_Only' was not found at '/Users/thomas/Documents/tender_mending_sender/MX_Alps_Hybrid/MX_Only.pretty'.
    Local override; warning
    @(71.4375 mm, 33.3375 mm): Footprint MX3
[lib_footprint_issues]: The footprint library 'MX_Only' was not found at '/Users/thomas/Documents/tender_mending_sender/MX_Alps_Hybrid/MX_Only.pretty'.
    Local override; warning
    @(90.4875 mm, 33.3375 mm): Footprint MX4
[lib_footprint_issues]: The footprint library 'MX_Only' was not found at '/Users/thomas/Documents/tender_mending_sender/MX_Alps_Hybrid/MX_Only.pretty'.
    Local override; warning
    @(109.5375 mm, 33.3375 mm): Footprint MX5
[lib_footprint_issues]: The footprint library 'MX_Only' was not found at '/Users/thomas/Documents/tender_mending_sender/MX_Alps_Hybrid/MX_Only.pretty'.
    Local override; warning
    @(128.5875 mm, 33.3375 mm): Footprint MX6
[lib_footprint_issues]: The footprint library 'MX_Only' was not found at '/Users/thomas/Documents/tender_mending_sender/MX_Alps_Hybrid/MX_Only.pretty'.
    Local override; warning
    @(147.6375 mm, 33.3375 mm): Footprint MX7
[lib_footprint_issues]: The footprint library 'MX_Only' was not found at '/Users/thomas/Documents/tender_mending_sender/MX_Alps_Hybrid/MX_Only.pretty'.
    Local override; warning
    @(166.6875 mm, 33.3375 mm): Footprint MX8
[lib_footprint_issues]: The footprint library 'MX_Only' was not found at '/Users/thomas/Documents/tender_mending_sender/MX_Alps_Hybrid/MX_Only.pretty'.
    Local override; warning
    @(185.7375 mm, 33.3375 mm): Footprint MX9
[lib_footprint_issues]: The footprint library 'MX_Only' was not found at '/Users/thomas/Documents/tender_mending_sender/MX_Alps_Hybrid/MX_Only.pretty'.
    Local override; warning
    @(204.7875 mm, 33.3375 mm): Footprint MX10
[lib_footprint_issues]: The footprint library 'MX_Only' was not found at '/Users/thomas/Documents/tender_mending_sender/MX_Alps_Hybrid/MX_Only.pretty'.
    Local override; warning
    @(223.8375 mm, 33.3375 mm): Footprint MX11
[lib_footprint_issues]: The footprint library 'MX_Only' was not found at '/Users/thomas/Documents/tender_mending_sender/MX_Alps_Hybrid/MX_Only.pretty'.
    Local override; warning
    @(250.0312 mm, 42.8625 mm): Footprint MX12
[lib_footprint_issues]: The footprint library 'MX_Only' was not found at '/Users/thomas/Documents/tender_mending_sender/MX_Alps_Hybrid/MX_Only.pretty'.
    Local override; warning
    @(35.7188 mm, 52.3875 mm): Footprint MX13
[lib_footprint_issues]: The footprint library 'MX_Only' was not found at '/Users/thomas/Documents/tender_mending_sender/MX_Alps_Hybrid/MX_Only.pretty'.
    Local override; warning
    @(57.1500 mm, 52.3875 mm): Footprint MX14
[lib_footprint_issues]: The footprint library 'MX_Only' was not found at '/Users/thomas/Documents/tender_mending_sender/MX_Alps_Hybrid/MX_Only.pretty'.
    Local override; warning
    @(76.2000 mm, 52.3875 mm): Footprint MX15
[lib_footprint_issues]: The footprint library 'MX_Only' was not found at '/Users/thomas/Documents/tender_mending_sender/MX_Alps_Hybrid/MX_Only.pretty'.
    Local override; warning
    @(95.2500 mm, 52.3875 mm): Footprint MX16
[lib_footprint_issues]: The footprint library 'MX_Only' was not found at '/Users/thomas/Documents/tender_mending_sender/MX_Alps_Hybrid/MX_Only.pretty'.
    Local override; warning
    @(114.3000 mm, 52.3875 mm): Footprint MX17
[lib_footprint_issues]: The footprint library 'MX_Only' was not found at '/Users/thomas/Documents/tender_mending_sender/MX_Alps_Hybrid/MX_Only.pretty'.
    Local override; warning
    @(133.3500 mm, 52.3875 mm): Footprint MX18
[lib_footprint_issues]: The footprint library 'MX_Only' was not found at '/Users/thomas/Documents/tender_mending_sender/MX_Alps_Hybrid/MX_Only.pretty'.
    Local override; warning
    @(152.4000 mm, 52.3875 mm): Footprint MX19
[lib_footprint_issues]: The footprint library 'MX_Only' was not found at '/Users/thomas/Documents/tender_mending_sender/MX_Alps_Hybrid/MX_Only.pretty'.
    Local override; warning
    @(171.4500 mm, 52.3875 mm): Footprint MX20
[lib_footprint_issues]: The footprint library 'MX_Only' was not found at '/Users/thomas/Documents/tender_mending_sender/MX_Alps_Hybrid/MX_Only.pretty'.
    Local override; warning
    @(190.5000 mm, 52.3875 mm): Footprint MX21
[lib_footprint_issues]: The footprint library 'MX_Only' was not found at '/Users/thomas/Documents/tender_mending_sender/MX_Alps_Hybrid/MX_Only.pretty'.
    Local override; warning
    @(209.5500 mm, 52.3875 mm): Footprint MX22
[lib_footprint_issues]: The footprint library 'MX_Only' was not found at '/Users/thomas/Documents/tender_mending_sender/MX_Alps_Hybrid/MX_Only.pretty'.
    Local override; warning
    @(228.6000 mm, 52.3875 mm): Footprint MX23
[lib_footprint_issues]: The footprint library 'MX_Only' was not found at '/Users/thomas/Documents/tender_mending_sender/MX_Alps_Hybrid/MX_Only.pretty'.
    Local override; warning
    @(38.1000 mm, 71.4375 mm): Footprint MX24
[lib_footprint_issues]: The footprint library 'MX_Only' was not found at '/Users/thomas/Documents/tender_mending_sender/MX_Alps_Hybrid/MX_Only.pretty'.
    Local override; warning
    @(61.9125 mm, 71.4375 mm): Footprint MX25
[lib_footprint_issues]: The footprint library 'MX_Only' was not found at '/Users/thomas/Documents/tender_mending_sender/MX_Alps_Hybrid/MX_Only.pretty'.
    Local override; warning
    @(80.9625 mm, 71.4375 mm): Footprint MX26
[lib_footprint_issues]: The footprint library 'MX_Only' was not found at '/Users/thomas/Documents/tender_mending_sender/MX_Alps_Hybrid/MX_Only.pretty'.
    Local override; warning
    @(100.0125 mm, 71.4375 mm): Footprint MX27
[lib_footprint_issues]: The footprint library 'MX_Only' was not found at '/Users/thomas/Documents/tender_mending_sender/MX_Alps_Hybrid/MX_Only.pretty'.
    Local override; warning
    @(119.0625 mm, 71.4375 mm): Footprint MX28
[lib_footprint_issues]: The footprint library 'MX_Only' was not found at '/Users/thomas/Documents/tender_mending_sender/MX_Alps_Hybrid/MX_Only.pretty'.
    Local override; warning
    @(157.1625 mm, 71.4375 mm): Footprint MX30
[lib_footprint_issues]: The footprint library 'MX_Only' was not found at '/Users/thomas/Documents/tender_mending_sender/MX_Alps_Hybrid/MX_Only.pretty'.
    Local override; warning
    @(176.2125 mm, 71.4375 mm): Footprint MX31
[lib_footprint_issues]: The footprint library 'MX_Only' was not found at '/Users/thomas/Documents/tender_mending_sender/MX_Alps_Hybrid/MX_Only.pretty'.
    Local override; warning
    @(195.2625 mm, 71.4375 mm): Footprint MX32
[lib_footprint_issues]: The footprint library 'MX_Only' was not found at '/Users/thomas/Documents/tender_mending_sender/MX_Alps_Hybrid/MX_Only.pretty'.
    Local override; warning
    @(214.3125 mm, 71.4375 mm): Footprint MX33
[lib_footprint_issues]: The footprint library 'MX_Only' was not found at '/Users/thomas/Documents/tender_mending_sender/MX_Alps_Hybrid/MX_Only.pretty'.
    Local override; warning
    @(233.3625 mm, 71.4375 mm): Footprint MX34
[lib_footprint_issues]: The footprint library 'MX_Only' was not found at '/Users/thomas/Documents/tender_mending_sender/MX_Alps_Hybrid/MX_Only.pretty'.
    Local override; warning
    @(252.4125 mm, 71.4375 mm): Footprint MX35
[lib_footprint_issues]: The footprint library 'MX_Only' was not found at '/Users/thomas/Documents/tender_mending_sender/MX_Alps_Hybrid/MX_Only.pretty'.
    Local override; warning
    @(47.6250 mm, 90.4875 mm): Footprint MX36
[lib_footprint_issues]: The footprint library 'MX_Only' was not found at '/Users/thomas/Documents/tender_mending_sender/MX_Alps_Hybrid/MX_Only.pretty'.
    Local override; warning
    @(71.4375 mm, 90.4875 mm): Footprint MX37
[lib_footprint_issues]: The footprint library 'MX_Only' was not found at '/Users/thomas/Documents/tender_mending_sender/MX_Alps_Hybrid/MX_Only.pretty'.
    Local override; warning
    @(142.8750 mm, 90.4875 mm): Footprint MX38
[lib_footprint_issues]: The footprint library 'MX_Only' was not found at '/Users/thomas/Documents/tender_mending_sender/MX_Alps_Hybrid/MX_Only.pretty'.
    Local override; warning
    @(214.3125 mm, 90.4875 mm): Footprint MX39
[lib_footprint_issues]: The footprint library 'MX_Only' was not found at '/Users/thomas/Documents/tender_mending_sender/MX_Alps_Hybrid/MX_Only.pretty'.
    Local override; warning
    @(238.1250 mm, 90.4875 mm): Footprint MX40
[lib_footprint_issues]: The footprint library 'MX_Only' was not found at '/Users/thomas/Documents/tender_mending_sender/MX_Alps_Hybrid/MX_Only.pretty'.
    Local override; warning
    @(33.3375 mm, 33.3375 mm): Footprint MX1
[lib_footprint_issues]: The footprint library 'MX_Only' was not found at '/Users/thomas/Documents/tender_mending_sender/MX_Alps_Hybrid/MX_Only.pretty'.
    Local override; warning
    @(52.3875 mm, 33.3375 mm): Footprint MX2
[lib_footprint_mismatch]: Footprint 'C_0805_2012Metric' does not match copy in library 'Capacitor_SMD'.
    Local override; warning
    @(137.9688 mm, 96.0438 mm): Footprint C1
[lib_footprint_mismatch]: Footprint 'C_0805_2012Metric' does not match copy in library 'Capacitor_SMD'.
    Local override; warning
    @(137.9688 mm, 87.3125 mm): Footprint C2
[lib_footprint_mismatch]: Footprint 'C_0805_2012Metric' does not match copy in library 'Capacitor_SMD'.
    Local override; warning
    @(120.0000 mm, 80.9625 mm): Footprint C3
[lib_footprint_mismatch]: Footprint 'C_0805_2012Metric' does not match copy in library 'Capacitor_SMD'.
    Local override; warning
    @(110.3312 mm, 95.2500 mm): Footprint C5
[lib_footprint_mismatch]: Footprint 'C_0805_2012Metric' does not match copy in library 'Capacitor_SMD'.
    Local override; warning
    @(128.5875 mm, 98.2812 mm): Footprint C6
[lib_footprint_mismatch]: Footprint 'C_0805_2012Metric' does not match copy in library 'Capacitor_SMD'.
    Local override; warning
    @(134.9375 mm, 86.3750 mm): Footprint C7
[lib_footprint_mismatch]: Footprint 'D_SOD-123' does not match copy in library 'Diode_SMD'.
    Local override; warning
    @(34.9250 mm, 38.1000 mm): Footprint D1
[lib_footprint_mismatch]: Footprint 'D_SOD-123' does not match copy in library 'Diode_SMD'.
    Local override; warning
    @(60.3250 mm, 35.7188 mm): Footprint D2
[lib_footprint_mismatch]: Footprint 'D_SOD-123' does not match copy in library 'Diode_SMD'.
    Local override; warning
    @(79.3750 mm, 35.7812 mm): Footprint D3
[lib_footprint_mismatch]: Footprint 'D_SOD-123' does not match copy in library 'Diode_SMD'.
    Local override; warning
    @(98.4250 mm, 35.7812 mm): Footprint D4
[lib_footprint_mismatch]: Footprint 'D_SOD-123' does not match copy in library 'Diode_SMD'.
    Local override; warning
    @(117.4750 mm, 35.7188 mm): Footprint D5
[lib_footprint_mismatch]: Footprint 'D_SOD-123' does not match copy in library 'Diode_SMD'.
    Local override; warning
    @(136.5250 mm, 35.7188 mm): Footprint D6
[lib_footprint_mismatch]: Footprint 'D_SOD-123' does not match copy in library 'Diode_SMD'.
    Local override; warning
    @(155.5750 mm, 35.7812 mm): Footprint D7
[lib_footprint_mismatch]: Footprint 'D_SOD-123' does not match copy in library 'Diode_SMD'.
    Local override; warning
    @(174.6250 mm, 35.7188 mm): Footprint D8
[lib_footprint_mismatch]: Footprint 'D_SOD-123' does not match copy in library 'Diode_SMD'.
    Local override; warning
    @(193.6750 mm, 35.7188 mm): Footprint D9
[lib_footprint_mismatch]: Footprint 'D_SOD-123' does not match copy in library 'Diode_SMD'.
    Local override; warning
    @(212.7250 mm, 35.7188 mm): Footprint D10
[lib_footprint_mismatch]: Footprint 'D_SOD-123' does not match copy in library 'Diode_SMD'.
    Local override; warning
    @(234.9500 mm, 35.7188 mm): Footprint D12
[lib_footprint_mismatch]: Footprint 'D_SOD-123' does not match copy in library 'Diode_SMD'.
    Local override; warning
    @(65.0875 mm, 54.7687 mm): Footprint D14
[lib_footprint_mismatch]: Footprint 'D_SOD-123' does not match copy in library 'Diode_SMD'.
    Local override; warning
    @(84.1375 mm, 54.8312 mm): Footprint D15
[lib_footprint_mismatch]: Footprint 'D_SOD-123' does not match copy in library 'Diode_SMD'.
    Local override; warning
    @(103.1875 mm, 54.8312 mm): Footprint D16
[lib_footprint_mismatch]: Footprint 'D_SOD-123' does not match copy in library 'Diode_SMD'.
    Local override; warning
    @(122.2375 mm, 54.8312 mm): Footprint D17
[lib_footprint_mismatch]: Footprint 'D_SOD-123' does not match copy in library 'Diode_SMD'.
    Local override; warning
    @(141.2875 mm, 54.8312 mm): Footprint D18
[lib_footprint_mismatch]: Footprint 'D_SOD-123' does not match copy in library 'Diode_SMD'.
    Local override; warning
    @(160.3375 mm, 54.7687 mm): Footprint D19
[lib_footprint_mismatch]: Footprint 'D_SOD-123' does not match copy in library 'Diode_SMD'.
    Local override; warning
    @(179.3875 mm, 54.8312 mm): Footprint D20
[lib_footprint_mismatch]: Footprint 'D_SOD-123' does not match copy in library 'Diode_SMD'.
    Local override; warning
    @(198.4375 mm, 54.7687 mm): Footprint D21
[lib_footprint_mismatch]: Footprint 'D_SOD-123' does not match copy in library 'Diode_SMD'.
    Local override; warning
    @(217.4875 mm, 54.8312 mm): Footprint D22
[lib_footprint_mismatch]: Footprint 'D_SOD-123' does not match copy in library 'Diode_SMD'.
    Local override; warning
    @(236.5375 mm, 54.7687 mm): Footprint D23
[lib_footprint_mismatch]: Footprint 'D_SOD-123' does not match copy in library 'Diode_SMD'.
    Local override; warning
    @(46.0375 mm, 73.8812 mm): Footprint D24
[lib_footprint_mismatch]: Footprint 'D_SOD-123' does not match copy in library 'Diode_SMD'.
    Local override; warning
    @(69.8500 mm, 73.8812 mm): Footprint D25
[lib_footprint_mismatch]: Footprint 'D_SOD-123' does not match copy in library 'Diode_SMD'.
    Local override; warning
    @(88.9000 mm, 73.8812 mm): Footprint D26
[lib_footprint_mismatch]: Footprint 'D_SOD-123' does not match copy in library 'Diode_SMD'.
    Local override; warning
    @(107.9500 mm, 73.8812 mm): Footprint D27
[lib_footprint_mismatch]: Footprint 'D_SOD-123' does not match copy in library 'Diode_SMD'.
    Local override; warning
    @(127.0000 mm, 73.8812 mm): Footprint D28
[lib_footprint_mismatch]: Footprint 'D_SOD-123' does not match copy in library 'Diode_SMD'.
    Local override; warning
    @(146.0500 mm, 73.8187 mm): Footprint D29
[lib_footprint_mismatch]: Footprint 'D_SOD-123' does not match copy in library 'Diode_SMD'.
    Local override; warning
    @(165.1000 mm, 73.8812 mm): Footprint D30
[lib_footprint_mismatch]: Footprint 'D_SOD-123' does not match copy in library 'Diode_SMD'.
    Local override; warning
    @(184.1500 mm, 73.8812 mm): Footprint D31
[lib_footprint_mismatch]: Footprint 'D_SOD-123' does not match copy in library 'Diode_SMD'.
    Local override; warning
    @(203.2000 mm, 73.8812 mm): Footprint D32
[lib_footprint_mismatch]: Footprint 'D_SOD-123' does not match copy in library 'Diode_SMD'.
    Local override; warning
    @(222.2500 mm, 73.8812 mm): Footprint D33
[lib_footprint_mismatch]: Footprint 'D_SOD-123' does not match copy in library 'Diode_SMD'.
    Local override; warning
    @(241.3000 mm, 73.8812 mm): Footprint D34
[lib_footprint_mismatch]: Footprint 'D_SOD-123' does not match copy in library 'Diode_SMD'.
    Local override; warning
    @(260.3500 mm, 73.8812 mm): Footprint D35
[lib_footprint_mismatch]: Footprint 'D_SOD-123' does not match copy in library 'Diode_SMD'.
    Local override; warning
    @(55.5625 mm, 92.8688 mm): Footprint D36
[lib_footprint_mismatch]: Footprint 'D_SOD-123' does not match copy in library 'Diode_SMD'.
    Local override; warning
    @(79.3750 mm, 92.9313 mm): Footprint D37
[lib_footprint_mismatch]: Footprint 'D_SOD-123' does not match copy in library 'Diode_SMD'.
    Local override; warning
    @(160.3375 mm, 92.9313 mm): Footprint D38
[lib_footprint_mismatch]: Footprint 'D_SOD-123' does not match copy in library 'Diode_SMD'.
    Local override; warning
    @(246.0625 mm, 92.8688 mm): Footprint D40
[lib_footprint_mismatch]: Footprint 'Fuse_1206_3216Metric' does not match copy in library 'Fuse'.
    Local override; warning
    @(38.8937 mm, 37.9125 mm): Footprint F1
[lib_footprint_issues]: The footprint library 'MX_Only' was not found at '/Users/thomas/Documents/tender_mending_sender/MX_Alps_Hybrid/MX_Only.pretty'.
    Local override; warning
    @(138.1125 mm, 71.4375 mm): Footprint MX29
[lib_footprint_mismatch]: Footprint 'R_0805_2012Metric' does not match copy in library 'Resistor_SMD'.
    Local override; warning
    @(46.0375 mm, 38.2437 mm): Footprint R4
[lib_footprint_issues]: The footprint library 'random-keyboard-parts' was not found at '/Users/thomas/Documents/tender_mending_sender/random-keyboard-parts.pretty'.
    Local override; warning
    @(61.9125 mm, 26.9875 mm): Footprint SW1
[lib_footprint_mismatch]: Footprint 'TQFP-44_10x10mm_P0.8mm' does not match copy in library 'Package_QFP'.
    Local override; warning
    @(120.5062 mm, 91.2750 mm): Footprint U1
[lib_footprint_mismatch]: Footprint 'Crystal_SMD_3225-4Pin_3.2x2.5mm' does not match copy in library 'Crystal'.
    Local override; warning
    @(138.0563 mm, 91.5875 mm): Footprint Y1
[lib_footprint_mismatch]: Footprint 'D_SOD-123' does not match copy in library 'Diode_SMD'.
    Local override; warning
    @(222.2500 mm, 92.8688 mm): Footprint D39
[lib_footprint_mismatch]: Footprint 'D_SOD-123' does not match copy in library 'Diode_SMD'.
    Local override; warning
    @(42.1313 mm, 49.2125 mm): Footprint D13
[lib_footprint_mismatch]: Footprint 'C_0805_2012Metric' does not match copy in library 'Capacitor_SMD'.
    Local override; warning
    @(110.3312 mm, 87.1688 mm): Footprint C4
[lib_footprint_mismatch]: Footprint 'R_0805_2012Metric' does not match copy in library 'Resistor_SMD'.
    Local override; warning
    @(48.4188 mm, 38.2437 mm): Footprint R1
[lib_footprint_mismatch]: Footprint 'R_0805_2012Metric' does not match copy in library 'Resistor_SMD'.
    Local override; warning
    @(43.6562 mm, 38.2437 mm): Footprint R2
[lib_footprint_mismatch]: Footprint 'R_0805_2012Metric' does not match copy in library 'Resistor_SMD'.
    Local override; warning
    @(41.2777 mm, 38.2437 mm): Footprint R3
[silk_over_copper]: Silkscreen clipped by solder mask
    Local override; warning
    @(59.3125 mm, 24.3875 mm): Segment of SW1 on B.Silkscreen
[silk_over_copper]: Silkscreen clipped by solder mask
    Local override; warning
    @(64.5125 mm, 29.5875 mm): Segment of SW1 on B.Silkscreen

** Found 0 unconnected pads **

** Found 0 Footprint errors **

** End of Report **
